<html>
  <head>
    <script src="//ajax.googleapis.com/ajax/libs/jquery/2.1.3/jquery.min.js">
    </script>
    <link rel="stylesheet"
          href="//maxcdn.bootstrapcdn.com/bootstrap/3.3.4/css/bootstrap.min.css">
    <link rel="stylesheet"
          href="//maxcdn.bootstrapcdn.com/font-awesome/4.3.0/css/font-awesome.min.css">
    <script src="//maxcdn.bootstrapcdn.com/bootstrap/3.3.4/js/bootstrap.min.js">
    </script>
    <script src="//cdnjs.cloudflare.com/ajax/libs/underscore.js/1.8.3/underscore-min.js">
    </script>
    <script type="text/javascript">
      var getItem = function(request, callback) {
        var url = "https://hacker-news.firebaseio.com/" + "v0/item/" + request.itemID + ".json";
        $.ajax({
          url: url,
          method: 'GET',
        }).done(function(result) {
        callback(result)
        }).fail(function(err) {
          throw err;
        });
      };
      var getStories = function(request, callback) {
        var url = "https://hacker-news.firebaseio.com/v0/topstories.json";
        $.ajax({
          url: url,
          method: 'GET',
        }).done(function(result) {
        callback(result)
        }).fail(function(err) {
          throw err;
        });
      };
    </script>
  </head>
  <body>
    <script id="item-template" type="text/x-underscore-template" style="display: none">
      <h2><%= result.title %></h2>
    </script>
    <script type="text/javascript">
      var itemView = _.template($('#item-template').text());
    </script>

    <script id="stories-template" type="text/x-underscore-template" style="display: none">
      <% result.forEach(function(storyID, index) { %>
        <% if(index < 10) { %>
          <div class="story">
            <%= storyID %>Â 
            <a class="btn btn-success"
           data-action="getItem"
           data-view="itemView"
           data-answers="{itemID: <%= storyID %>}">
           Load
        </a>

          </div>
        <% } %>
      <% }); %>
    </script>
    <script type="text/javascript">
      var storiesView = _.template($('#stories-template').text());
    </script>

    <div id="ErrorMessage" class="alert alert-danger" style="display: none"></div>
    <div class="container" style="margin-top:40px">
    </div>
    <script type="text/javascript">
      getStories({
      }, function(result) {
        $('.container').html(storiesView({result: result}));
      })
    </script>
    <script>
      $(".container").on('click', "a[data-action]", function(event) {
        var el = $(event.target);
        var action = window[el.attr('data-action')];
        var view = window[el.attr('data-view')];
        eval('var answers = ' + el.attr('data-answers'));
        action(answers, function(result) {
          el.parent().html(view({result: result}));
        })
      })
    </script>
  </body>
</html>
