<html>
  <head>
    <script src="//ajax.googleapis.com/ajax/libs/jquery/2.1.3/jquery.min.js">
    </script>
    <link rel="stylesheet"
          href="//maxcdn.bootstrapcdn.com/bootstrap/3.3.4/css/bootstrap.min.css">
    <link rel="stylesheet"
          href="//maxcdn.bootstrapcdn.com/font-awesome/4.3.0/css/font-awesome.min.css">
    <script src="//maxcdn.bootstrapcdn.com/bootstrap/3.3.4/js/bootstrap.min.js">
    </script>
    <script src="//cdnjs.cloudflare.com/ajax/libs/underscore.js/1.8.3/underscore-min.js">
    </script>
    <script type="text/javascript">
      var get_languages = function(request, callback) {
        var url = "https://api.lucybot.com/v1/sample_code/languages";
        $.ajax({
          url: url,
          method: 'GET',
          headers: {
            'apikey': "foobar"
          },
        }).done(function(result) {
        callback(result)
        }).fail(function(err) {
          throw err;
        });
      };
    </script>
  </head>
  <body>
    <script id="language_list-template" type="text/x-underscore-template" style="display: none">
      <% result.forEach(function(l, index) { %>
        <% if(l.foo) { %>
          <p>foo</p>
        <% } %>
        <% if(!l.foo) { %>
          <p>bar</p>
        <% } %>
        <% if(index != 2) { %>
          <h2><%= index %>. <%= l.label %></h2>
        <% } %>
      <% }); %>
      <br></br><br></br>
      <h3>Lucy Goose</h3>
      <div><b>Bold</b>&nbsp;<i>Italic</i></div>
      <div>I &lt;3 &lt;b&gt;APIs&lt;/b&gt;</div>
    </script>
    <script type="text/javascript">
      var language_listView = _.template($('#language_list-template').text());
    </script>

    <div id="ErrorMessage" class="alert alert-danger" style="display: none"></div>
    <div class="container" style="margin-top:40px">
    </div>
    <script type="text/javascript">
      get_languages({
      }, function(result) {
        $('.container').html(language_listView({result: result}));
      })
    </script>
  </body>
</html>
