{
  "main": "server.js",
  "dependencies": {
    "body-parser": "^1.15.0",
    "busboy": "^0.2.12",
    "ejs": "^2.4.1",
    "express": "^4.13.4",
    "request": "^2.69.0"
  }
}